// Jest Snapshot v1, https://goo.gl/fbAQLP

exports[`NewPasswordResetPassword.vue should have a match snapshot 1`] = `
<div class="container">
  <base-dialog message="" title=""></base-dialog>
  <div class="row">
    <div class="col-md-6 offset-md-3 col-12">
      <div class="row" style="margin: 20vh auto;">
        <div class="col" style="display: flex; align-items: center; justify-content: center;">
          <form novalidate="novalidate" class="v-form">
            <div class="container">
              <p class="text-h4 text-center">Change Password</p>
              <div class="row">
                <div class="col-md-12 col-12">
                  <div class="row">
                    <div class="col-md-12 col-12">
                      <div class="v-input theme--light v-text-field">
                        <div class="v-input__control">
                          <div class="v-input__slot">
                            <div class="v-text-field__slot"><label for="input-5" class="v-label theme--light" style="left: 0px; position: absolute;">New Password</label><input id="input-5" type="password"></div>
                          </div>
                          <div class="v-text-field__details">
                            <div class="v-messages theme--light">
                              <transition-group-stub tag="div" name="message-transition" class="v-messages__wrapper"></transition-group-stub>
                            </div>
                          </div>
                        </div>
                      </div>
                    </div>
                    <div class="col-md-12 col-12">
                      <div class="v-input theme--light v-text-field">
                        <div class="v-input__control">
                          <div class="v-input__slot">
                            <div class="v-text-field__slot"><label for="input-8" class="v-label theme--light" style="left: 0px; position: absolute;">Confirm Password</label><input id="input-8" type="password"></div>
                          </div>
                          <div class="v-text-field__details">
                            <div class="v-messages theme--light">
                              <transition-group-stub tag="div" name="message-transition" class="v-messages__wrapper"></transition-group-stub>
                            </div>
                          </div>
                        </div>
                      </div>
                    </div>
                    <div class="col-md-12 col-12" style="display: flex; justify-content: space-evenly;"><button type="button" class="v-btn v-btn--block v-btn--is-elevated v-btn--has-bg theme--light v-size--default" style="background-color: rgb(59, 110, 243); border-color: #3b6ef3;"><span class="v-btn__content"><span style="color: white;">Reset Password</span></span></button></div>
                  </div>
                </div>
              </div>
            </div>
          </form>
        </div>
      </div>
    </div>
  </div>
</div>
`;
