// Jest Snapshot v1, https://goo.gl/fbAQLP

exports[`OTPResetPassword.vue should have a match snapshot 1`] = `
<v-container-stub tag="div">
  <base-dialog message="" title=""></base-dialog>
  <v-row-stub tag="div">
    <v-col-stub cols="12" md="6" offsetmd="3" tag="div">
      <v-row-stub tag="div" style="margin: 20vh auto;">
        <v-col-stub tag="div" style="display: flex; align-items: center; justify-content: center;">
          <v-form-stub>
            <v-container-stub tag="div">
              <p class="text-h4 text-center">Enter your OTP</p>
              <v-row-stub tag="div">
                <v-col-stub cols="12" md="12" tag="div">
                  <v-row-stub tag="div">
                    <v-col-stub cols="12" md="8" offsetmd="2" tag="div">
                      <div class="ma-auto mt-3 mb-3 position-relative" style="display: flex; justify-content: space-evenly;">
                        <vue-otp-2-stub pattern="[0-9]*" inputmode="numeric" joincharacter="-" length="6"></vue-otp-2-stub>
                      </div>
                    </v-col-stub>
                    <v-col-stub cols="12" md="8" offsetmd="2" tag="div" style="display: flex; justify-content: center;">
                      <v-btn-stub color="#3B6EF3" tag="button" activeclass="" block="true" type="button"><span style="color: white;">I can't see the OTP</span></v-btn-stub>
                    </v-col-stub>
                    <v-col-stub cols="12" md="12" tag="div" style="display: flex; justify-content: space-evenly;">
                      <router-link-stub to="/email-reset-password" tag="a" ariacurrentvalue="page" event="click">Re-enter your email</router-link-stub>
                    </v-col-stub>
                  </v-row-stub>
                </v-col-stub>
              </v-row-stub>
            </v-container-stub>
          </v-form-stub>
        </v-col-stub>
      </v-row-stub>
    </v-col-stub>
  </v-row-stub>
</v-container-stub>
`;
