// Jest Snapshot v1, https://goo.gl/fbAQLP

exports[`SellerPropertiesDetails.vue should have a match snapshot 1`] = `
<div>
  <base-dialog message="" title=""></base-dialog>
  <div class="container">
    <div class="row">
      <div class="col">
        <div class="v-card v-sheet theme--light basil">
          <div class="v-tabs v-tabs--grow theme--dark">
            <div role="tablist" class="v-item-group theme--dark v-slide-group v-tabs-bar v-tabs-bar--is-mobile white--text" style="background-color: rgb(59, 110, 243); border-color: #3b6ef3;">
              <div class="v-slide-group__prev v-slide-group__prev--disabled">
                <transition-stub name="fade-transition"></transition-stub>
              </div>
              <div class="v-slide-group__wrapper">
                <div class="v-slide-group__content v-tabs-bar__content">
                  <div class="v-tabs-slider-wrapper" style="transition: none;">
                    <div class="v-tabs-slider"></div>
                  </div>
                  <div tabindex="0" aria-selected="true" role="tab" class="v-tab v-tab--active">My Property Details</div>
                  <div tabindex="0" aria-selected="false" role="tab" class="v-tab">My Rental Details</div>
                </div>
              </div>
              <div class="v-slide-group__next v-slide-group__next--disabled">
                <transition-stub name="fade-transition"></transition-stub>
              </div>
            </div>
          </div>
          <div class="v-window v-item-group theme--light v-tabs-items">
            <div class="v-window__container">
              <transition-stub name="">
                <!---->
              </transition-stub>
              <transition-stub name="">
                <!---->
              </transition-stub>
            </div>
          </div>
        </div>
      </div>
    </div>
  </div>
</div>
`;
