// Jest Snapshot v1, https://goo.gl/fbAQLP

exports[`UserProfile.vue should have a match snapshot 1`] = `
<div style="background-color: rgb(59, 110, 243);">
  <base-dialog message="" title=""></base-dialog>
  <div class="container">
    <div class="row">
      <div class="col-sm-12 col-md-12 col-xl-12 col-12">
        <h3 style="color: white; font-weight: 400; text-align: center; margin-top: 20px;">
          Your profile
        </h3> <br>
        <form novalidate="novalidate" id="form" class="v-form" style="background-color: rgb(231, 240, 255);">
          <div class="v-input v-input--is-label-active v-input--is-dirty theme--light v-text-field" style="display: none;">
            <div class="v-input__control">
              <div class="v-input__slot">
                <div class="v-text-field__slot"><input id="input-5" type="hidden" value="0"></div>
              </div>
              <div class="v-text-field__details">
                <div class="v-messages theme--light">
                  <transition-group-stub tag="div" name="message-transition" class="v-messages__wrapper"></transition-group-stub>
                </div>
              </div>
            </div>
          </div>
          <div class="container">
            <div class="row">
              <div class="col-sm-12 col-md-12 col-12">
                <p>Secondary Email:</p>
                <div class="v-input theme--light v-text-field v-text-field--single-line v-text-field--solo v-text-field--enclosed v-text-field--placeholder">
                  <div class="v-input__control">
                    <div class="v-input__slot">
                      <div class="v-text-field__slot"><label for="input-8" class="v-label theme--light" style="left: 0px; position: absolute;">Secondary Email</label><input id="input-8" type="text"></div>
                    </div>
                    <div class="v-text-field__details">
                      <div class="v-messages theme--light">
                        <transition-group-stub tag="div" name="message-transition" class="v-messages__wrapper"></transition-group-stub>
                      </div>
                    </div>
                  </div>
                </div>
              </div>
            </div>
            <div class="row">
              <div class="col-sm-12 col-md-12 col-12">
                <p>Secondary Phone:</p>
                <div class="v-input theme--light v-text-field v-text-field--single-line v-text-field--solo v-text-field--enclosed v-text-field--placeholder">
                  <div class="v-input__control">
                    <div class="v-input__slot">
                      <div class="v-text-field__slot"><label for="input-11" class="v-label theme--light" style="left: 0px; position: absolute;">secondary contact</label><input id="input-11" type="text"></div>
                    </div>
                    <div class="v-text-field__details">
                      <div class="v-messages theme--light">
                        <transition-group-stub tag="div" name="message-transition" class="v-messages__wrapper"></transition-group-stub>
                      </div>
                    </div>
                  </div>
                </div>
              </div>
            </div>
            <div class="row">
              <div class="col-sm-12 col-md-12 col-12">
                <p>Business Location</p>
                <div class="v-input theme--light v-text-field v-text-field--single-line v-text-field--solo v-text-field--enclosed v-text-field--placeholder">
                  <div class="v-input__control">
                    <div class="v-input__slot">
                      <div class="v-text-field__slot"><label for="input-14" class="v-label theme--light" style="left: 0px; position: absolute;">Business Location </label><input id="input-14" type="text"></div>
                    </div>
                    <div class="v-text-field__details">
                      <div class="v-messages theme--light">
                        <transition-group-stub tag="div" name="message-transition" class="v-messages__wrapper"></transition-group-stub>
                      </div>
                    </div>
                  </div>
                </div>
              </div>
            </div>
            <div class="row">
              <div class="col-sm-12 col-md-12 col-12"><button type="button" disabled="disabled" class="v-btn v-btn--block v-btn--disabled v-btn--has-bg theme--light v-size--default"><span class="v-btn__content">Update Your Details</span></button></div>
            </div>
          </div>
        </form>
      </div>
    </div>
  </div>
</div>
`;
